C:\Users\user\Documents\שנה ב\intro\new-project\build_wordclouds.py:145: ParserWarning: Skipping line 115153: ',' expected after '"'

  reviews = pd.read_csv(
C:\Users\user\Documents\שנה ב\intro\new-project\build_wordclouds.py:145: ParserWarning: Skipping line 24116: Expected 7 fields in line 24116, saw 10

  reviews = pd.read_csv(
C:\Users\user\Documents\שנה ב\intro\new-project\build_wordclouds.py:145: ParserWarning: Skipping line 114785: Expected 7 fields in line 114785, saw 13

  reviews = pd.read_csv(
C:\Users\user\Documents\שנה ב\intro\new-project\build_wordclouds.py:145: ParserWarning: Skipping line 119575: Expected 7 fields in line 119575, saw 15

  reviews = pd.read_csv(
C:\Users\user\Documents\שנה ב\intro\new-project\build_wordclouds.py:145: ParserWarning: Skipping line 124222: Expected 7 fields in line 124222, saw 8

  reviews = pd.read_csv(
Hidden gem listings: 453
Hidden gem reviews: 2365
Other reviews: 618660
Language-filtering hidden gem reviews...
  kept 1915/2365 as English
Language-filtering other listings' reviews...
  kept 337721/618660 as English
Processing hidden gem reviews...
  processed 1915/1915 reviews
Unique phrases (hidden gems): 2671
Processing other listings' reviews...
  processed 20000/337721 reviews
  processed 40000/337721 reviews
  processed 60000/337721 reviews
  processed 80000/337721 reviews
  processed 100000/337721 reviews
  processed 120000/337721 reviews
  processed 140000/337721 reviews
  processed 160000/337721 reviews
  processed 180000/337721 reviews
  processed 200000/337721 reviews
  processed 220000/337721 reviews
  processed 240000/337721 reviews
  processed 260000/337721 reviews
  processed 280000/337721 reviews
  processed 300000/337721 reviews
  processed 320000/337721 reviews
  processed 337721/337721 reviews
Unique phrases (other listings): 110452
Saved word cloud: data/wordcloud_hidden_gems_v2.png
Saved word cloud: data/wordcloud_other_listings_v2.png

Top 10 phrases - Hidden Gems:
  great location: 98
  great restaurant: 57
  good location: 44
  perfect location: 41
  short walk: 38
  easy access: 38
  public transport: 31
  great recommendation: 27
  next time: 26
  many restaurant: 26

Top 10 phrases - Other Listings:
  great location: 17148
  great restaurant: 7967
  good location: 7208
  short walk: 6641
  perfect location: 6390
  public transport: 6355
  easy access: 5045
  main attraction: 4825
  comfortable bed: 4377
  great time: 4203
