C:\לימודים\שנה ב\סמסטר ב\ניתוח מאגרי מידע\project\build_wordclouds.py:115: ParserWarning: Skipping line 115153: ',' expected after '"'

  reviews = pd.read_csv(
C:\לימודים\שנה ב\סמסטר ב\ניתוח מאגרי מידע\project\build_wordclouds.py:115: ParserWarning: Skipping line 24116: Expected 7 fields in line 24116, saw 10

  reviews = pd.read_csv(
C:\לימודים\שנה ב\סמסטר ב\ניתוח מאגרי מידע\project\build_wordclouds.py:115: ParserWarning: Skipping line 114785: Expected 7 fields in line 114785, saw 13

  reviews = pd.read_csv(
C:\לימודים\שנה ב\סמסטר ב\ניתוח מאגרי מידע\project\build_wordclouds.py:115: ParserWarning: Skipping line 119575: Expected 7 fields in line 119575, saw 15

  reviews = pd.read_csv(
C:\לימודים\שנה ב\סמסטר ב\ניתוח מאגרי מידע\project\build_wordclouds.py:115: ParserWarning: Skipping line 124222: Expected 7 fields in line 124222, saw 8

  reviews = pd.read_csv(
Hidden gem listings: 63
Hidden gem reviews: 356
Other reviews: 620669
Language-filtering hidden gem reviews...
  kept 300/356 as English
Language-filtering other listings' reviews...
  kept 339336/620669 as English
Processing hidden gem reviews...
  processed 300/300 reviews
Unique adj+noun phrases (hidden gems): 499
Processing other listings' reviews...
  processed 20000/339336 reviews
  processed 40000/339336 reviews
  processed 60000/339336 reviews
  processed 80000/339336 reviews
  processed 100000/339336 reviews
  processed 120000/339336 reviews
  processed 140000/339336 reviews
  processed 160000/339336 reviews
  processed 180000/339336 reviews
  processed 200000/339336 reviews
  processed 220000/339336 reviews
  processed 240000/339336 reviews
  processed 260000/339336 reviews
  processed 280000/339336 reviews
  processed 300000/339336 reviews
  processed 320000/339336 reviews
  processed 339336/339336 reviews
Unique adj+noun phrases (other listings): 61105
Saved word cloud: data/wordcloud_hidden_gems.png
Saved word cloud: data/wordcloud_other_listings.png

Top 20 phrases - Hidden Gems:
  great location: 21
  great restaurant: 8
  main attraction: 7
  perfect location: 5
  good restaurant: 5
  amazing location: 5
  public transport: 5
  excellent location: 4
  great recommendation: 4
  central location: 4
  great area: 4
  last minute: 4
  fantastic location: 4
  next door: 4
  major attraction: 4
  first time: 4
  clear instruction: 4
  last day: 4
  comfortable bed: 4
  detailed instruction: 3

Top 20 phrases - Other Listings:
  great location: 17225
  great restaurant: 8016
  good location: 7249
  short walk: 6676
  perfect location: 6426
  public transport: 6381
  easy access: 5082
  main attraction: 4837
  comfortable bed: 4393
  great time: 4216
  public transportation: 4215
  next time: 4119
  excellent location: 3887
  clear instruction: 3760
  local restaurant: 3698
  good restaurant: 3679
  hot water: 3633
  great recommendation: 3596
  local recommendation: 3596
  many restaurant: 3393
